Resolving Hex dependencies...
Resolution completed in 0.038s
Unchanged:
  castore 1.0.20
  cowboy 2.17.0
  cowboy_telemetry 0.4.0
  cowlib 2.18.0 VULNERABLE!
    EEF-CVE-2026-43969 (LOW)
    aka: CVE-2026-43969, GHSA-g2wm-735q-3f56
    Cookie Request Header Injection via Unvalidated Encoder in cow_cookie:cookie/1
    https://osv.dev/vulnerability/EEF-CVE-2026-43969

    EEF-CVE-2026-43966 (MEDIUM)
    aka: CVE-2026-43966
    HTTP Response Splitting via Non-VCHAR Bytes in cow_http_struct_hd:escape_string/2
    https://osv.dev/vulnerability/EEF-CVE-2026-43966
  expo 1.1.1
  gettext 0.26.2
  jason 1.4.5
  mime 2.0.7
  phoenix 1.6.17
  phoenix_pubsub 2.2.0
  phoenix_template 1.0.4
  phoenix_view 2.0.4
  plug 1.20.3
  plug_cowboy 2.9.0
  plug_crypto 1.2.5
  ranch 2.2.0
  telemetry 1.4.2
  telemetry_metrics 0.6.2
  telemetry_poller 1.3.0
* Getting phoenix (Hex package)
* Getting telemetry_metrics (Hex package)
* Getting telemetry_poller (Hex package)
* Getting gettext (Hex package)
* Getting jason (Hex package)
* Getting plug_cowboy (Hex package)
* Getting cowboy (Hex package)
* Getting cowboy_telemetry (Hex package)
* Getting plug (Hex package)
* Getting mime (Hex package)
* Getting plug_crypto (Hex package)
* Getting telemetry (Hex package)
* Getting cowlib (Hex package)
* Getting ranch (Hex package)
* Getting expo (Hex package)
* Getting castore (Hex package)
* Getting phoenix_pubsub (Hex package)
* Getting phoenix_view (Hex package)
* Getting phoenix_template (Hex package)
Found packages with security advisories, see above for details
You have added/upgraded packages you could sponsor, run `mix hex.sponsor` to learn more
