▶ Astro collects anonymous usage data.
  This information helps us improve Astro.
  Run "astro telemetry disable" to opt-out.
  https://astro.build/telemetry

13:58:06 [content] Syncing content
13:58:06 [content] Synced content
13:58:06 [types] Generated 158ms
13:58:06 [build] output: "static"
13:58:06 [build] mode: "static"
13:58:06 [build] directory: /home/ubuntu/stack-bench/frontends/astro/dist/
13:58:06 [build] Collecting build info...
13:58:06 [build] ✓ Completed in 165ms.
13:58:06 [build] Building static entrypoints...
13:58:06 [vite] ✓ built in 506ms
13:58:06 [build] ✓ Completed in 535ms.

 building client (vite) 
13:58:06 [vite] transforming...
13:58:06 [vite] ✓ 2 modules transformed.
13:58:06 [vite] rendering chunks...
13:58:06 [vite] ✓ built in 13ms

 generating static routes 
13:58:06 ▶ src/pages/index.astro
13:58:06   └─ /index.html (+4ms) 
13:58:06 ✓ Completed in 12ms.

13:58:06 [build] 1 page(s) built in 740ms
13:58:06 [build] Complete!
