14:45:10 [content] Syncing content
14:45:10 [content] Synced content
14:45:10 [types] Generated 22ms
14:45:10 [build] output: "static"
14:45:10 [build] mode: "static"
14:45:10 [build] directory: /home/ubuntu/stack-bench/frontends/astro/dist/
14:45:10 [build] Collecting build info...
14:45:10 [build] ✓ Completed in 29ms.
14:45:10 [build] Building static entrypoints...
14:45:10 [vite] ✓ built in 306ms
14:45:10 [build] ✓ Completed in 331ms.

 building client (vite) 
14:45:10 [vite] transforming...
14:45:10 [vite] ✓ 2 modules transformed.
14:45:10 [vite] rendering chunks...
14:45:10 [vite] ✓ built in 16ms

 generating static routes 
14:45:10 ▶ src/pages/index.astro
14:45:10   └─ /index.html (+4ms) 
14:45:10 ✓ Completed in 8ms.

14:45:10 [build] 1 page(s) built in 392ms
14:45:10 [build] Complete!
