┌  Building Nuxt for production...
│
●  Nuxt 3.17.7 (with Nitro 2.12.4, Vite 6.4.3 and Vue 3.5.40)
│
●  Nitro preset: static
ℹ Building client...
ℹ vite v6.4.3 building for production...
ℹ transforming...
ℹ ✓ 123 modules transformed.
ℹ rendering chunks...
ℹ computing gzip size...
ℹ .nuxt/dist/client/manifest.json                   1.22 kB │ gzip:  0.33 kB
ℹ .nuxt/dist/client/_nuxt/error-500.DOWD7OuR.css    1.88 kB │ gzip:  0.72 kB
ℹ .nuxt/dist/client/_nuxt/error-404.MksMKVWr.css    3.55 kB │ gzip:  1.10 kB
ℹ .nuxt/dist/client/_nuxt/BeoV2_xY.js               0.38 kB │ gzip:  0.27 kB
ℹ .nuxt/dist/client/_nuxt/DBOWAVn8.js               3.42 kB │ gzip:  1.55 kB
ℹ .nuxt/dist/client/_nuxt/CVe4RzQH.js               9.63 kB │ gzip:  3.84 kB
ℹ .nuxt/dist/client/_nuxt/DQCZxRN-.js             136.74 kB │ gzip: 51.52 kB
ℹ ✓ built in 827ms
✔ Client built in 837ms
ℹ Building server...
ℹ vite v6.4.3 building SSR bundle for production...
ℹ transforming...
ℹ ✓ 1 modules transformed.
ℹ rendering chunks...
ℹ ✓ built in 9ms
✔ Server built in 15ms
[nitro] ℹ Initializing prerenderer
[nitro] ℹ Prerendering 3 initial routes with crawler
[nitro]   ├─ /404.html (16ms)
[nitro]   ├─ /200.html (15ms)
[nitro]   ├─ /index.html (15ms)
[nitro] ℹ Prerendered 3 routes in 0.362 seconds
[nitro] ✔ Generated public dist
[nitro] ✔ You can preview this build using npx serve dist
│
▲  HTML content not prerendered because ssr: false was set.
│
●  You can read more in https://nuxt.com/docs/getting-started/deployment#static-hosting.
│
└  ✨ You can now deploy dist to any static hosting!
