16:27:10 [content] Syncing content
16:27:10 [content] Synced content
16:27:10 [types] Generated 85ms
16:27:10 [build] output: "static"
16:27:10 [build] mode: "static"
16:27:10 [build] directory: /home/ubuntu/stack-bench/frontends/astro-vue/dist/
16:27:10 [build] Collecting build info...
16:27:10 [build] ✓ Completed in 96ms.
16:27:10 [build] Building static entrypoints...
16:27:10 [vite] ✓ built in 325ms
16:27:10 [build] ✓ Completed in 349ms.

 building client (vite) 
16:27:10 [vite] transforming...
16:27:11 [vite] ✓ 12 modules transformed.
16:27:11 [vite] rendering chunks...
16:27:11 [vite] computing gzip size...
16:27:11 [vite] dist/_astro/Table.CPl0ICI0.js                      2.06 kB │ gzip:  1.13 kB
16:27:11 [vite] dist/_astro/client.Dvfgz7OZ.js                     7.48 kB │ gzip:  3.47 kB
16:27:11 [vite] dist/_astro/runtime-core.esm-bundler.CNY8yOge.js  65.76 kB │ gzip: 25.94 kB
16:27:11 [vite] ✓ built in 286ms

 generating static routes 
16:27:11 ▶ src/pages/index.astro
16:27:11   └─ /index.html (+5ms) 
16:27:11 ✓ Completed in 13ms.

16:27:11 [build] 1 page(s) built in 753ms
16:27:11 [build] Complete!
