16:26:49 [content] Syncing content
16:26:49 [content] Synced content
16:26:49 [types] Generated 167ms
16:26:49 [build] output: "static"
16:26:49 [build] mode: "static"
16:26:49 [build] directory: /home/ubuntu/stack-bench/frontends/astro-react/dist/
16:26:49 [build] Collecting build info...
16:26:49 [build] ✓ Completed in 177ms.
16:26:49 [build] Building static entrypoints...
16:26:50 [vite] ✓ built in 369ms
16:26:50 [build] ✓ Completed in 395ms.

 building client (vite) 
16:26:50 [vite] transforming...
16:26:50 [vite] ✓ 22 modules transformed.
16:26:50 [vite] rendering chunks...
16:26:50 [vite] computing gzip size...
16:26:50 [vite] dist/_astro/Table.Cnl86JRH.js     1.49 kB │ gzip:  0.83 kB
16:26:50 [vite] dist/_astro/index.DK-fsZOb.js     6.81 kB │ gzip:  2.73 kB
16:26:50 [vite] dist/_astro/client.Bz692-Ao.js  136.51 kB │ gzip: 44.01 kB
16:26:50 [vite] ✓ built in 364ms

 generating static routes 
16:26:50 ▶ src/pages/index.astro
16:26:50   └─ /index.html (+6ms) 
16:26:50 ✓ Completed in 16ms.

16:26:50 [build] 1 page(s) built in 962ms
16:26:50 [build] Complete!
