17:11:24 [content] Syncing content
17:11:24 [content] Synced content
17:11:24 [types] Generated 78ms
17:11:24 [build] output: "static"
17:11:24 [build] mode: "static"
17:11:24 [build] directory: /home/ubuntu/stack-bench/frontends/state-signals/dist/
17:11:24 [build] Collecting build info...
17:11:24 [build] ✓ Completed in 88ms.
17:11:24 [build] Building static entrypoints...
17:11:24 [vite] ✓ built in 348ms
17:11:24 [build] ✓ Completed in 377ms.

 building client (vite) 
17:11:24 [vite] transforming...
17:11:24 [vite] ✓ 10 modules transformed.
17:11:24 [vite] rendering chunks...
17:11:24 [vite] computing gzip size...
17:11:24 [vite] dist/_astro/Island.CYz4J5Ps.js           1.45 kB │ gzip: 0.79 kB
17:11:24 [vite] dist/_astro/client.BazS5RZP.js           2.28 kB │ gzip: 1.23 kB
17:11:24 [vite] dist/_astro/signals.module.BGIocaqA.js   9.69 kB │ gzip: 3.74 kB
17:11:24 [vite] dist/_astro/preact.module.6wYYbtvx.js   10.61 kB │ gzip: 4.50 kB
17:11:24 [vite] ✓ built in 128ms

 generating static routes 
17:11:24 ▶ src/pages/index.astro
17:11:24   └─ /index.html (+6ms) 
17:11:24 ✓ Completed in 14ms.

17:11:24 [build] 1 page(s) built in 614ms
17:11:24 [build] Complete!
