16:26:59 [content] Syncing content
16:26:59 [content] Synced content
16:26:59 [types] Generated 99ms
16:26:59 [build] output: "static"
16:26:59 [build] mode: "static"
16:26:59 [build] directory: /home/ubuntu/stack-bench/frontends/astro-preact/dist/
16:26:59 [build] Collecting build info...
16:26:59 [build] ✓ Completed in 110ms.
16:26:59 [build] Building static entrypoints...
16:27:00 [vite] ✓ built in 334ms
16:27:00 [build] ✓ Completed in 363ms.

 building client (vite) 
16:27:00 [vite] transforming...
16:27:00 [vite] ✓ 10 modules transformed.
16:27:00 [vite] rendering chunks...
16:27:00 [vite] computing gzip size...
16:27:00 [vite] dist/_astro/Table.CyXQehkQ.js            1.42 kB │ gzip: 0.84 kB
16:27:00 [vite] dist/_astro/client.CuM_SRsD.js           2.31 kB │ gzip: 1.25 kB
16:27:00 [vite] dist/_astro/hooks.module.DCyN7v7E.js     2.53 kB │ gzip: 1.14 kB
16:27:00 [vite] dist/_astro/signals.module.CjFiqN0s.js   7.85 kB │ gzip: 3.04 kB
16:27:00 [vite] dist/_astro/preact.module.6wYYbtvx.js   10.61 kB │ gzip: 4.50 kB
16:27:00 [vite] ✓ built in 124ms

 generating static routes 
16:27:00 ▶ src/pages/index.astro
16:27:00   └─ /index.html (+6ms) 
16:27:00 ✓ Completed in 13ms.

16:27:00 [build] 1 page(s) built in 620ms
16:27:00 [build] Complete!
