17:11:15 [content] Syncing content
17:11:15 [content] Synced content
17:11:15 [types] Generated 120ms
17:11:15 [build] output: "static"
17:11:15 [build] mode: "static"
17:11:15 [build] directory: /home/ubuntu/stack-bench/frontends/state-hooks/dist/
17:11:15 [build] Collecting build info...
17:11:15 [build] ✓ Completed in 134ms.
17:11:15 [build] Building static entrypoints...
17:11:16 [vite] ✓ built in 370ms
17:11:16 [build] ✓ Completed in 396ms.

 building client (vite) 
17:11:16 [vite] transforming...
17:11:16 [vite] ✓ 10 modules transformed.
17:11:16 [vite] rendering chunks...
17:11:16 [vite] computing gzip size...
17:11:16 [vite] dist/_astro/Island.DGdLCp2j.js           1.43 kB │ gzip: 0.79 kB
17:11:16 [vite] dist/_astro/client.CsWlIWwV.js           2.31 kB │ gzip: 1.25 kB
17:11:16 [vite] dist/_astro/hooks.module.DCyN7v7E.js     2.53 kB │ gzip: 1.14 kB
17:11:16 [vite] dist/_astro/signals.module.CjFiqN0s.js   7.85 kB │ gzip: 3.04 kB
17:11:16 [vite] dist/_astro/preact.module.6wYYbtvx.js   10.61 kB │ gzip: 4.50 kB
17:11:16 [vite] ✓ built in 122ms

 generating static routes 
17:11:16 ▶ src/pages/index.astro
17:11:16   └─ /index.html (+5ms) 
17:11:16 ✓ Completed in 12ms.

17:11:16 [build] 1 page(s) built in 672ms
17:11:16 [build] Complete!
