16:50:44 [content] Syncing content
16:50:44 [content] Synced content
16:50:44 [types] Generated 75ms
16:50:44 [build] output: "static"
16:50:44 [build] mode: "static"
16:50:44 [build] directory: /home/ubuntu/stack-bench/frontends/chart-echarts/dist/
16:50:44 [build] Collecting build info...
16:50:44 [build] ✓ Completed in 86ms.
16:50:44 [build] Building static entrypoints...
16:50:44 [vite] ✓ built in 321ms
16:50:44 [build] ✓ Completed in 345ms.

 building client (vite) 
16:50:44 [vite] transforming...
16:50:46 [vite] ✓ 565 modules transformed.
16:50:46 [vite] rendering chunks...
16:50:46 [vite] computing gzip size...
16:50:46 [vite] dist/_astro/hooks.module.DgakmSIW.js        1.88 kB │ gzip:   0.85 kB
16:50:46 [vite] dist/_astro/client.bb-5b7UU.js              2.31 kB │ gzip:   1.25 kB
16:50:46 [vite] dist/_astro/signals.module.CrLYok3U.js      7.85 kB │ gzip:   3.04 kB
16:50:46 [vite] dist/_astro/preact.module.6wYYbtvx.js      10.61 kB │ gzip:   4.50 kB
16:50:46 [vite] dist/_astro/Island.MNzZf70J.js          1,037.40 kB │ gzip: 343.91 kB
16:50:46 [WARN] [vite] 
(!) Some chunks are larger than 500 kB after minification. Consider:
- Using dynamic import() to code-split the application
- Use build.rollupOptions.output.manualChunks to improve chunking: https://rollupjs.org/configuration-options/#output-manualchunks
- Adjust chunk size limit for this warning via build.chunkSizeWarningLimit.
16:50:46 [vite] ✓ built in 2.62s

 generating static routes 
16:50:46 ▶ src/pages/index.astro
16:50:46   └─ /index.html (+5ms) 
16:50:47 ✓ Completed in 13ms.

16:50:47 [build] 1 page(s) built in 3.07s
16:50:47 [build] Complete!
