17:11:33 [content] Syncing content
17:11:33 [content] Synced content
17:11:33 [types] Generated 76ms
17:11:33 [build] output: "static"
17:11:33 [build] mode: "static"
17:11:33 [build] directory: /home/ubuntu/stack-bench/frontends/state-zustand/dist/
17:11:33 [build] Collecting build info...
17:11:33 [build] ✓ Completed in 86ms.
17:11:33 [build] Building static entrypoints...
17:11:33 [vite] ✓ built in 368ms
17:11:33 [build] ✓ Completed in 394ms.

 building client (vite) 
17:11:33 [vite] transforming...
17:11:34 [vite] ✓ 14 modules transformed.
17:11:34 [vite] rendering chunks...
17:11:34 [vite] computing gzip size...
17:11:34 [vite] dist/_astro/client.BBZHXnkC.js           2.31 kB │ gzip: 1.25 kB
17:11:34 [vite] dist/_astro/hooks.module.BbGcxafs.js     3.33 kB │ gzip: 1.45 kB
17:11:34 [vite] dist/_astro/signals.module.1iMGiPHK.js   7.85 kB │ gzip: 3.04 kB
17:11:34 [vite] dist/_astro/Island.tg92aqjq.js          11.45 kB │ gzip: 4.86 kB
17:11:34 [vite] dist/_astro/preact.module.DcQ4XWp8.js   11.63 kB │ gzip: 4.84 kB
17:11:34 [vite] ✓ built in 143ms

 generating static routes 
17:11:34 ▶ src/pages/index.astro
17:11:34   └─ /index.html (+5ms) 
17:11:34 ✓ Completed in 12ms.

17:11:34 [build] 1 page(s) built in 643ms
17:11:34 [build] Complete!
