npm warn deprecated tar@6.2.1: Old versions of tar are not supported, and contain widely publicized security vulnerabilities, which have been fixed in the current version. Please update. Support for old versions may be purchased (at exorbitant rates) by contacting i@izs.me
npm warn deprecated glob@10.5.0: Old versions of glob are not supported, and contain widely publicized security vulnerabilities, which have been fixed in the current version. Please update. Support for old versions may be purchased (at exorbitant rates) by contacting i@izs.me
CREATE angular/README.md (1471 bytes)
CREATE angular/.gitignore (587 bytes)
CREATE angular/angular.json (2805 bytes)
CREATE angular/package.json (747 bytes)
CREATE angular/tsconfig.json (915 bytes)
CREATE angular/tsconfig.app.json (424 bytes)
CREATE angular/.vscode/extensions.json (130 bytes)
CREATE angular/.vscode/launch.json (297 bytes)
CREATE angular/.vscode/tasks.json (531 bytes)
CREATE angular/src/main.ts (250 bytes)
CREATE angular/src/index.html (293 bytes)
CREATE angular/src/styles.css (80 bytes)
CREATE angular/src/app/app.component.ts (301 bytes)
CREATE angular/src/app/app.config.ts (310 bytes)
CREATE angular/src/app/app.routes.ts (77 bytes)
CREATE angular/public/favicon.ico (15086 bytes)
- Installing packages (npm)...
✔ Packages installed successfully.
