17:10:54 [content] Syncing content
17:10:54 [content] Synced content
17:10:54 [types] Generated 73ms
17:10:54 [build] output: "static"
17:10:54 [build] mode: "static"
17:10:54 [build] directory: /home/ubuntu/stack-bench/frontends/chart-recharts/dist/
17:10:54 [build] Collecting build info...
17:10:54 [build] ✓ Completed in 83ms.
17:10:54 [build] Building static entrypoints...
17:10:54 [vite] ✓ built in 330ms
17:10:54 [build] ✓ Completed in 353ms.

 building client (vite) 
17:10:54 [vite] transforming...
17:10:56 [vite] ✓ 630 modules transformed.
17:10:56 [vite] rendering chunks...
17:10:56 [vite] computing gzip size...
17:10:56 [vite] dist/_astro/client.DtAdUSuA.js            2.31 kB │ gzip:   1.25 kB
17:10:56 [vite] dist/_astro/hooks.module.BbGcxafs.js      3.33 kB │ gzip:   1.45 kB
17:10:56 [vite] dist/_astro/signals.module.1iMGiPHK.js    7.85 kB │ gzip:   3.04 kB
17:10:56 [vite] dist/_astro/preact.module.DcQ4XWp8.js    11.63 kB │ gzip:   4.84 kB
17:10:56 [vite] dist/_astro/Island.CoTYuT0_.js          390.91 kB │ gzip: 109.24 kB
17:10:56 [vite] ✓ built in 1.38s

 generating static routes 
17:10:56 ▶ src/pages/index.astro
17:10:56   └─ /index.html (+5ms) 
17:10:56 ✓ Completed in 12ms.

17:10:56 [build] 1 page(s) built in 1.84s
17:10:56 [build] Complete!
