17:11:42 [content] Syncing content
17:11:42 [content] Synced content
17:11:42 [types] Generated 82ms
17:11:42 [build] output: "static"
17:11:42 [build] mode: "static"
17:11:42 [build] directory: /home/ubuntu/stack-bench/frontends/state-jotai/dist/
17:11:42 [build] Collecting build info...
17:11:42 [build] ✓ Completed in 92ms.
17:11:42 [build] Building static entrypoints...
17:11:42 [vite] ✓ built in 359ms
17:11:42 [build] ✓ Completed in 384ms.

 building client (vite) 
17:11:42 [vite] transforming...
17:11:43 [vite] ✓ 15 modules transformed.
17:11:43 [vite] rendering chunks...
17:11:43 [vite] computing gzip size...
17:11:43 [vite] dist/_astro/client.UHfVo77z.js           2.31 kB │ gzip: 1.25 kB
17:11:43 [vite] dist/_astro/hooks.module.a_Gj6Ndg.js     2.76 kB │ gzip: 1.23 kB
17:11:43 [vite] dist/_astro/signals.module.B5J9eiI_.js   7.85 kB │ gzip: 3.04 kB
17:11:43 [vite] dist/_astro/preact.module.BuRr_dx6.js   11.28 kB │ gzip: 4.75 kB
17:11:43 [vite] dist/_astro/Island.jjJbQRbN.js          16.73 kB │ gzip: 7.00 kB
17:11:43 [vite] ✓ built in 164ms

 generating static routes 
17:11:43 ▶ src/pages/index.astro
17:11:43   └─ /index.html (+5ms) 
17:11:43 ✓ Completed in 12ms.

17:11:43 [build] 1 page(s) built in 660ms
17:11:43 [build] Complete!
