vite v6.4.3 building SSR bundle for production...
transforming...
✓ 147 modules transformed.
rendering chunks...
vite v6.4.3 building for production...
transforming...
✓ 156 modules transformed.
rendering chunks...
computing gzip size...
.svelte-kit/output/client/_app/version.json                        0.03 kB │ gzip:  0.05 kB
.svelte-kit/output/client/.vite/manifest.json                      3.03 kB │ gzip:  0.59 kB
.svelte-kit/output/client/_app/immutable/entry/start.DbHg_IB4.js   0.08 kB │ gzip:  0.09 kB
.svelte-kit/output/client/_app/immutable/chunks/DA3GAWiu.js        0.23 kB │ gzip:  0.20 kB
.svelte-kit/output/client/_app/immutable/nodes/0.CUwBrYwy.js       0.46 kB │ gzip:  0.34 kB
.svelte-kit/output/client/_app/immutable/nodes/1.DPt8UXMr.js       0.53 kB │ gzip:  0.35 kB
.svelte-kit/output/client/_app/immutable/chunks/DBU8Dg9E.js        1.33 kB │ gzip:  0.73 kB
.svelte-kit/output/client/_app/immutable/chunks/wbPk3Yxo.js        1.37 kB │ gzip:  0.66 kB
.svelte-kit/output/client/_app/immutable/chunks/DHXWItJL.js        2.24 kB │ gzip:  0.99 kB
.svelte-kit/output/client/_app/immutable/nodes/2.lh3plYx7.js       6.50 kB │ gzip:  3.14 kB
.svelte-kit/output/client/_app/immutable/entry/app.BFjGdeUH.js     7.80 kB │ gzip:  3.59 kB
.svelte-kit/output/client/_app/immutable/chunks/BlLJ8Lgu.js        7.87 kB │ gzip:  3.37 kB
.svelte-kit/output/client/_app/immutable/chunks/C4RMYY0W.js       26.57 kB │ gzip: 10.13 kB
.svelte-kit/output/client/_app/immutable/chunks/Bm_kCXeT.js       29.40 kB │ gzip: 11.30 kB
✓ built in 482ms
.svelte-kit/output/server/.vite/manifest.json                   2.84 kB
.svelte-kit/output/server/entries/pages/_layout.js              0.08 kB
.svelte-kit/output/server/entries/fallbacks/layout.svelte.js    0.17 kB
.svelte-kit/output/server/env.js                                0.23 kB
.svelte-kit/output/server/internal.js                           0.35 kB
.svelte-kit/output/server/chunks/server.js                      0.64 kB
.svelte-kit/output/server/chunks/utils2.js                      1.09 kB
.svelte-kit/output/server/entries/fallbacks/error.svelte.js     1.38 kB
.svelte-kit/output/server/entries/pages/_page.svelte.js         1.58 kB
.svelte-kit/output/server/chunks/internal.js                    3.08 kB
.svelte-kit/output/server/chunks/exports.js                     6.97 kB
.svelte-kit/output/server/chunks/utils.js                      34.21 kB
.svelte-kit/output/server/remote-entry.js                      36.81 kB
.svelte-kit/output/server/chunks/index.js                      37.94 kB
.svelte-kit/output/server/chunks/root.js                       87.01 kB
.svelte-kit/output/server/index.js                            130.89 kB
✓ built in 1.95s

Run npm run preview to preview your production build locally.

> Using @sveltejs/adapter-static
  Wrote site to "build"
  ✔ done
