17:11:51 [content] Syncing content
17:11:51 [content] Synced content
17:11:51 [types] Generated 143ms
17:11:51 [build] output: "static"
17:11:51 [build] mode: "static"
17:11:51 [build] directory: /home/ubuntu/stack-bench/frontends/state-nanostores/dist/
17:11:51 [build] Collecting build info...
17:11:51 [build] ✓ Completed in 156ms.
17:11:51 [build] Building static entrypoints...
17:11:52 [vite] ✓ built in 457ms
17:11:52 [build] ✓ Completed in 485ms.

 building client (vite) 
17:11:52 [vite] transforming...
17:11:52 [vite] ✓ 23 modules transformed.
17:11:52 [vite] rendering chunks...
17:11:52 [vite] computing gzip size...
17:11:52 [vite] dist/_astro/Island.D4aTNZ_D.js           2.30 kB │ gzip: 1.20 kB
17:11:52 [vite] dist/_astro/client.B7fxQmz0.js           2.31 kB │ gzip: 1.25 kB
17:11:52 [vite] dist/_astro/hooks.module.DCyN7v7E.js     2.53 kB │ gzip: 1.14 kB
17:11:52 [vite] dist/_astro/signals.module.CjFiqN0s.js   7.85 kB │ gzip: 3.04 kB
17:11:52 [vite] dist/_astro/preact.module.6wYYbtvx.js   10.61 kB │ gzip: 4.50 kB
17:11:52 [vite] ✓ built in 165ms

 generating static routes 
17:11:52 ▶ src/pages/index.astro
17:11:52   └─ /index.html (+6ms) 
17:11:52 ✓ Completed in 15ms.

17:11:52 [build] 1 page(s) built in 834ms
17:11:52 [build] Complete!
