16:50:55 [content] Syncing content
16:50:55 [content] Synced content
16:50:55 [types] Generated 74ms
16:50:55 [build] output: "static"
16:50:55 [build] mode: "static"
16:50:55 [build] directory: /home/ubuntu/stack-bench/frontends/chart-plot/dist/
16:50:55 [build] Collecting build info...
16:50:55 [build] ✓ Completed in 84ms.
16:50:55 [build] Building static entrypoints...
16:50:56 [vite] ✓ built in 316ms
16:50:56 [build] ✓ Completed in 342ms.

 building client (vite) 
16:50:56 [vite] transforming...
16:50:57 [vite] ✓ 664 modules transformed.
16:50:57 [vite] rendering chunks...
16:50:57 [vite] computing gzip size...
16:50:57 [vite] dist/_astro/hooks.module.DgakmSIW.js      1.88 kB │ gzip:  0.85 kB
16:50:57 [vite] dist/_astro/client.CXiZBW-W.js            2.30 kB │ gzip:  1.25 kB
16:50:57 [vite] dist/_astro/signals.module.CrLYok3U.js    7.85 kB │ gzip:  3.04 kB
16:50:57 [vite] dist/_astro/preact.module.6wYYbtvx.js    10.61 kB │ gzip:  4.50 kB
16:50:57 [vite] dist/_astro/Island.DLsoXoJt.js          268.36 kB │ gzip: 91.54 kB
16:50:57 [vite] ✓ built in 1.17s

 generating static routes 
16:50:57 ▶ src/pages/index.astro
16:50:57   └─ /index.html (+7ms) 
16:50:57 ✓ Completed in 14ms.

16:50:57 [build] 1 page(s) built in 1.61s
16:50:57 [build] Complete!
