16:50:34 [content] Syncing content
16:50:34 [content] Synced content
16:50:34 [types] Generated 87ms
16:50:34 [build] output: "static"
16:50:34 [build] mode: "static"
16:50:34 [build] directory: /home/ubuntu/stack-bench/frontends/chart-uplot/dist/
16:50:34 [build] Collecting build info...
16:50:34 [build] ✓ Completed in 97ms.
16:50:34 [build] Building static entrypoints...
16:50:35 [vite] ✓ built in 374ms
16:50:35 [build] ✓ Completed in 401ms.

 building client (vite) 
16:50:35 [vite] transforming...
16:50:35 [vite] ✓ 12 modules transformed.
16:50:35 [vite] rendering chunks...
16:50:35 [vite] computing gzip size...
16:50:35 [vite] dist/_astro/hooks.module.DgakmSIW.js     1.88 kB │ gzip:  0.85 kB
16:50:35 [vite] dist/_astro/client.BVsk8dv-.js           2.31 kB │ gzip:  1.25 kB
16:50:35 [vite] dist/_astro/signals.module.CrLYok3U.js   7.85 kB │ gzip:  3.04 kB
16:50:35 [vite] dist/_astro/preact.module.6wYYbtvx.js   10.61 kB │ gzip:  4.50 kB
16:50:35 [vite] dist/_astro/Island.BkDfFooE.js          53.24 kB │ gzip: 23.84 kB
16:50:35 [vite] ✓ built in 264ms

 generating static routes 
16:50:35 ▶ src/pages/index.astro
16:50:35   └─ /index.html (+5ms) 
16:50:35 ✓ Completed in 12ms.

16:50:35 [build] 1 page(s) built in 782ms
16:50:35 [build] Complete!
