17:10:17 [content] Syncing content
17:10:17 [content] Synced content
17:10:17 [types] Generated 81ms
17:10:17 [build] output: "static"
17:10:17 [build] mode: "static"
17:10:17 [build] directory: /home/ubuntu/stack-bench/frontends/chart-lwc/dist/
17:10:17 [build] Collecting build info...
17:10:17 [build] ✓ Completed in 90ms.
17:10:17 [build] Building static entrypoints...
17:10:17 [vite] ✓ built in 345ms
17:10:17 [build] ✓ Completed in 369ms.

 building client (vite) 
17:10:17 [vite] transforming...
17:10:18 [vite] ✓ 16 modules transformed.
17:10:18 [vite] rendering chunks...
17:10:18 [vite] computing gzip size...
17:10:18 [vite] dist/_astro/hooks.module.DgakmSIW.js      1.88 kB │ gzip:  0.85 kB
17:10:18 [vite] dist/_astro/client.C5nKc6ko.js            2.30 kB │ gzip:  1.25 kB
17:10:18 [vite] dist/_astro/signals.module.CrLYok3U.js    7.85 kB │ gzip:  3.04 kB
17:10:18 [vite] dist/_astro/preact.module.6wYYbtvx.js    10.61 kB │ gzip:  4.50 kB
17:10:18 [vite] dist/_astro/Island.CowN3S-W.js          163.57 kB │ gzip: 52.30 kB
17:10:18 [vite] ✓ built in 395ms

 generating static routes 
17:10:18 ▶ src/pages/index.astro
17:10:18   └─ /index.html (+5ms) 
17:10:18 ✓ Completed in 12ms.

17:10:18 [build] 1 page(s) built in 874ms
17:10:18 [build] Complete!
