16:27:32 [content] Syncing content
16:27:32 [content] Synced content
16:27:32 [types] Generated 79ms
16:27:32 [build] output: "static"
16:27:32 [build] mode: "static"
16:27:32 [build] directory: /home/ubuntu/stack-bench/frontends/astro-solid/dist/
16:27:32 [build] Collecting build info...
16:27:32 [build] ✓ Completed in 89ms.
16:27:32 [build] Building static entrypoints...
16:27:33 [vite] ✓ built in 498ms
16:27:33 [build] ✓ Completed in 535ms.

 building client (vite) 
16:27:33 [vite] transforming...
16:27:33 [vite] ✓ 7 modules transformed.
16:27:33 [vite] rendering chunks...
16:27:33 [vite] computing gzip size...
16:27:33 [vite] dist/_astro/Table.Bh78wbIq.js    1.72 kB │ gzip: 0.97 kB
16:27:33 [vite] dist/_astro/client.CwdMUnSB.js   6.13 kB │ gzip: 2.56 kB
16:27:33 [vite] dist/_astro/web.DFbjJk_3.js     13.38 kB │ gzip: 5.47 kB
16:27:33 [vite] ✓ built in 220ms

 generating static routes 
16:27:33 ▶ src/pages/index.astro
16:27:33   └─ /index.html (+6ms) 
16:27:33 ✓ Completed in 15ms.

16:27:33 [build] 1 page(s) built in 872ms
16:27:33 [build] Complete!
