   ▲ Next.js 15.1.3

   Creating an optimized production build ...
 ✓ Compiled successfully
   Linting and checking validity of types ...
   Collecting page data ...
   Generating static pages (0/4) ...
   Generating static pages (1/4) 
   Generating static pages (2/4) 
   Generating static pages (3/4) 
 ✓ Generating static pages (4/4)
   Finalizing page optimization ...
   Collecting build traces ...
   Exporting (0/3) ...
 ✓ Exporting (3/3)

Route (app)                              Size     First Load JS
┌ ○ /                                    992 B           106 kB
└ ○ /_not-found                          979 B           106 kB
+ First Load JS shared by all            105 kB
  ├ chunks/4bd1b696-dc53661a9e7a1ea0.js  52.9 kB
  ├ chunks/517-1b81d9b3f249cc49.js       50.6 kB
  └ other shared chunks (total)          1.86 kB


○  (Static)  prerendered as static content

