
> build
> react-router build

vite v6.4.3 building for production...
transforming...
✓ 40 modules transformed.
rendering chunks...
computing gzip size...
build/client/.vite/manifest.json                0.94 kB │ gzip:  0.28 kB
build/client/assets/root-BMvaq3hu.js            0.57 kB │ gzip:  0.35 kB
build/client/assets/home-CEPn9pww.js            1.72 kB │ gzip:  0.92 kB
build/client/assets/jsx-runtime-BTz_mlFt.js   129.26 kB │ gzip: 43.71 kB
build/client/assets/entry.client-BavC2wpg.js  140.91 kB │ gzip: 45.60 kB
✓ built in 644ms
  ⚠️  Future Flag Warning: Route middleware support is changing in React Router v8.
     You can use the `future.v8_middleware` flag to opt in early.
     -> https://reactrouter.com/v7/upgrading/future#futurev8_middleware
  ⚠️  Future Flag Warning: Route module splitting behavior is changing in React Router v8.
     You can use the `future.v8_splitRouteModules` flag to opt in early.
     -> https://reactrouter.com/v7/upgrading/future#futurev8_splitroutemodules
  ⚠️  Future Flag Warning: Vite Environment API usage is changing in React Router v8.
     You can use the `future.v8_viteEnvironmentApi` flag to opt in early.
     -> https://reactrouter.com/v7/upgrading/future#futurev8_viteenvironmentapi
  ⚠️  Future Flag Warning: Request handling behavior is changing in React Router v8.
     You can use the `future.v8_passThroughRequests` flag to opt in early.
     -> https://reactrouter.com/v7/upgrading/future#futurev8_passthroughrequests
  ⚠️  Future Flag Warning: Data request URL formats are changing in React Router v8.
     You can use the `future.v8_trailingSlashAwareDataRequests` flag to opt in early.
     -> https://reactrouter.com/v7/upgrading/future#futurev8_trailingslashawaredatarequests
vite v6.4.3 building SSR bundle for production...
transforming...
✓ 4 modules transformed.
rendering chunks...
build/server/.vite/manifest.json  0.17 kB
build/server/index.js             5.70 kB
SPA Mode: Generated build/client/index.html
Removing the server build in /home/ubuntu/stack-bench/frontends/react-router/build/server due to ssr:false
✓ built in 53ms
