17:10:26 [content] Syncing content
17:10:26 [content] Synced content
17:10:26 [types] Generated 77ms
17:10:26 [build] output: "static"
17:10:26 [build] mode: "static"
17:10:26 [build] directory: /home/ubuntu/stack-bench/frontends/chart-d3/dist/
17:10:26 [build] Collecting build info...
17:10:26 [build] ✓ Completed in 90ms.
17:10:26 [build] Building static entrypoints...
17:10:27 [vite] ✓ built in 346ms
17:10:27 [build] ✓ Completed in 371ms.

 building client (vite) 
17:10:27 [vite] transforming...
17:10:27 [vite] ✓ 576 modules transformed.
17:10:27 [vite] rendering chunks...
17:10:27 [vite] computing gzip size...
17:10:27 [vite] dist/_astro/hooks.module.DgakmSIW.js     1.88 kB │ gzip:  0.85 kB
17:10:27 [vite] dist/_astro/client.DLUleHUe.js           2.30 kB │ gzip:  1.25 kB
17:10:27 [vite] dist/_astro/signals.module.CrLYok3U.js   7.85 kB │ gzip:  3.04 kB
17:10:27 [vite] dist/_astro/preact.module.6wYYbtvx.js   10.61 kB │ gzip:  4.50 kB
17:10:27 [vite] dist/_astro/Island.BN8N_nm9.js          52.41 kB │ gzip: 18.42 kB
17:10:27 [vite] ✓ built in 620ms

 generating static routes 
17:10:27 ▶ src/pages/index.astro
17:10:27   └─ /index.html (+25ms) 
17:10:27 ✓ Completed in 41ms.

17:10:27 [build] 1 page(s) built in 1.13s
17:10:27 [build] Complete!
