16:50:25 [content] Syncing content
16:50:25 [content] Synced content
16:50:25 [types] Generated 67ms
16:50:25 [build] output: "static"
16:50:25 [build] mode: "static"
16:50:25 [build] directory: /home/ubuntu/stack-bench/frontends/chart-chartjs/dist/
16:50:25 [build] Collecting build info...
16:50:25 [build] ✓ Completed in 76ms.
16:50:25 [build] Building static entrypoints...
16:50:25 [vite] ✓ built in 325ms
16:50:25 [build] ✓ Completed in 348ms.

 building client (vite) 
16:50:25 [vite] transforming...
16:50:26 [vite] ✓ 13 modules transformed.
16:50:26 [vite] rendering chunks...
16:50:26 [vite] computing gzip size...
16:50:26 [vite] dist/_astro/hooks.module.DgakmSIW.js      1.88 kB │ gzip:  0.85 kB
16:50:26 [vite] dist/_astro/client.BElAcVja.js            2.31 kB │ gzip:  1.25 kB
16:50:26 [vite] dist/_astro/signals.module.CrLYok3U.js    7.85 kB │ gzip:  3.04 kB
16:50:26 [vite] dist/_astro/preact.module.6wYYbtvx.js    10.61 kB │ gzip:  4.50 kB
16:50:26 [vite] dist/_astro/Island.DXnjhS5z.js          130.40 kB │ gzip: 46.50 kB
16:50:26 [vite] ✓ built in 402ms

 generating static routes 
16:50:26 ▶ src/pages/index.astro
16:50:26   └─ /index.html (+5ms) 
16:50:26 ✓ Completed in 12ms.

16:50:26 [build] 1 page(s) built in 846ms
16:50:26 [build] Complete!
